// Jest Snapshot v1, https://goo.gl/fbAQLP

exports[`ChangePhotoAsset constructor should have valid schema 1`] = `
Object {
  "$id": "enevti/persona/changePhotoAsset",
  "properties": Object {
    "photo": Object {
      "dataType": "string",
      "fieldNumber": 1,
    },
  },
  "required": Array [
    "photo",
  ],
  "title": "ChangePhotoAsset transaction asset for persona module",
  "type": "object",
}
`;
