// Jest Snapshot v1, https://goo.gl/fbAQLP

exports[`AddCommentAsset constructor should have valid schema 1`] = `
Object {
  "$id": "enevti/comment/addComment",
  "properties": Object {
    "cid": Object {
      "dataType": "string",
      "fieldNumber": 2,
    },
    "id": Object {
      "dataType": "string",
      "fieldNumber": 1,
    },
    "identifier": Object {
      "dataType": "string",
      "fieldNumber": 2,
    },
  },
  "required": Array [
    "id",
    "identifier",
    "cid",
  ],
  "title": "addCommentAsset transaction asset for comment module",
  "type": "object",
}
`;
