// Jest Snapshot v1, https://goo.gl/fbAQLP

exports[`DeliverSecretAsset constructor should have valid schema 1`] = `
Object {
  "$id": "enevti/redeemableNft/deliverSecretAsset",
  "properties": Object {
    "cipher": Object {
      "dataType": "string",
      "fieldNumber": 2,
    },
    "id": Object {
      "dataType": "string",
      "fieldNumber": 1,
    },
    "signature": Object {
      "fieldNumber": 3,
      "properties": Object {
        "cipher": Object {
          "dataType": "string",
          "fieldNumber": 1,
        },
        "plain": Object {
          "dataType": "string",
          "fieldNumber": 2,
        },
      },
      "required": Array [
        "cipher",
        "plain",
      ],
      "type": "object",
    },
  },
  "required": Array [
    "id",
    "cipher",
    "signature",
  ],
  "title": "DeliverSecretAsset transaction asset for redeemableNft module",
  "type": "object",
}
`;
