// Jest Snapshot v1, https://goo.gl/fbAQLP

exports[`MintMomentAsset constructor should have valid schema 1`] = `
Object {
  "$id": "enevti/redeemableNft/mintMomentAsset",
  "properties": Object {
    "cover": Object {
      "dataType": "string",
      "fieldNumber": 7,
    },
    "coverExtension": Object {
      "dataType": "string",
      "fieldNumber": 9,
    },
    "coverMime": Object {
      "dataType": "string",
      "fieldNumber": 8,
    },
    "coverProtocol": Object {
      "dataType": "string",
      "fieldNumber": 11,
    },
    "coverSize": Object {
      "dataType": "uint32",
      "fieldNumber": 10,
    },
    "data": Object {
      "dataType": "string",
      "fieldNumber": 2,
    },
    "dataExtension": Object {
      "dataType": "string",
      "fieldNumber": 4,
    },
    "dataMime": Object {
      "dataType": "string",
      "fieldNumber": 3,
    },
    "dataProtocol": Object {
      "dataType": "string",
      "fieldNumber": 6,
    },
    "dataSize": Object {
      "dataType": "uint32",
      "fieldNumber": 5,
    },
    "nftId": Object {
      "dataType": "string",
      "fieldNumber": 1,
    },
    "text": Object {
      "dataType": "string",
      "fieldNumber": 12,
    },
  },
  "required": Array [
    "nftId",
    "data",
    "dataMime",
    "dataExtension",
    "dataSize",
    "dataProtocol",
    "cover",
    "coverMime",
    "coverExtension",
    "coverSize",
    "coverProtocol",
    "text",
  ],
  "title": "mintMomentAsset transaction asset for redeemableNft module",
  "type": "object",
}
`;
